9100b8  ps = 10  gp = ffffffff80920000
  a0=-2137948224  a1=0  a2=0
unknown exception a0=-2137948224
trapframe at 0xffffffff80917ea0
  cause = 3  pc = ffffffff809100b8  ps = 10  gp = ffffffff80920000
  a0=-2137948224  a1=0  a2=0
unknown exception a0=-2137948224
trapframe at 0xffffffff80917ea0
  cause = 3  pc = ffffffff809100b8  ps = 10  gp = ffffffff80920000
  a0=-2137948224  a1=0  a2=0
unknown exception a0=-2137948224
trapframe at 0xffffffff80917ea0
  cause = 3  pc = ffffffff809100b8  ps = 10  gp = ffffffff80920000
  a0=-2137948224  a1=0  a2=0
unknown exception a0=-2137948224
trapframe at 0xffffffff80917ea0
  cause = 3  pc = ffffffff809100b8  ps = 10  gp = ffffffff80920000
  a0=-2137948224  a1=0  a2=0
unknown exception a0=-2137948224
trapframe at 0xffffffff80917ea0
  cause = 3  pc = ffffffff809100b8  ps = 10  gp = ffffffff80920000
  a0=-2137948224  a1=0  a2=0
unknown exception a0=-2137948224
trapframe at 0xffffffff80917ea0
  cause = 3  pc = ffffffff809100b8  ps = 10  gp = ffffffff80920000
  a0=-2137948224  a1=0  a2=0
unknown exception a0=-2137948224
trapframe at 0xffffffff80917ea0
  cause = 3  pc = ffffffff809100b8  ps = 10  gp = ffffffff80920000
  a0=-2137948224  a1=0  a2=0
unknown exception a0=-2137948224
trapframe at 0xffffffff80917ea0
  cause = 3  pc = ffffffff809100b8  ps = 10  gp = ffffffff80920000
  a0=-2137948224  a1=0  a2=0
unknown exception a0=-2137948224
trapframe at 0xffffffff80917ea0
  cause = 3  pc = ffffffff809100b8  ps = 10  gp = ffffffff80920000
  a0=-2137948224  a1=0  a2=0
unknown exception a0=-2137948224
trapframe at 0xffffffff80917ea0
  cause = 3  pc = ffffffff809100b8  ps = 10  gp = ffffffff80920000
  a0=-2137948224  a1=0  a2=0
unknown exception a0=-2137948224
trapframe at 0xffffffff80917ea0
  cause = 3  pc = ffffffff809100b8  ps = 10  gp = ffffffff80920000
  a0=-2137948224  a1=0  a2=0
unknown exception a0=-2137948224
trapframe at 0xffffffff80917ea0
  cause = 3  pc = ffffffff809100b8  ps = 10  gp = ffffffff80920000
  a0=-2137948224  a1=0  a2=0
unknown exception a0=-2137948224
trapframe at 0xffffffff80917ea0
  cause = 3  pc = ffffffff809100b8  ps = 10  gp = ffffffff80920000
  a0=-2137948224  a1=0  a2=0
unknown exception a0=-2137948224
trapframe at 0xffffffff80917ea0
  cause = 3  pc = ffffffff809100b8  ps = 10  gp = ffffffff80920000
  a0=-2137948224  a1=0  a2=0
unknown exception a0=-2137948224
trapframe at 0xffffffff80917ea0
  cause = 3  pc = ffffffff809100b8  ps = 10  gp = ffffffff80920000
  a0=-2137948224  a1=0  a2=0
unknown exception a0=-2137948224
trapframe at 0xffffffff80917ea0
  cause = 3  pc = ffffffff809100b8  ps = 10  gp = ffffffff80920000
  a0=-2137948224  a1=0  a2=0
unknown exception a0=-2137948224
trapframe at 0xffffffff80917ea0
  cause = 3  pc = ffffffff809100b8  ps = 10  gp = ffffffff80920000
  a0=-2137948224  a1=0  a2=0
unknown exception a0=-2137948224
trapframe at 0xffffffff80917ea0
  cause = 3  pc = ffffffff809100b8  ps = 10  gp = ffffffff80920000
  a0=-2137948224  a1=0  a2=0
unknown exception a0=-2137948224
trapframe at 0xffffffff80917ea0
  cause = 3  pc = ffffffff809100b8  ps = 10  gp = ffffffff80920000
  a0=-2137948224  a1=0  a2=0
unknown exception a0=-2137948224
trapframe at 0xffffffff80917ea0
  cause = 3  pc = ffffffff809100b8  ps = 10  gp = ffffffff80920000
  a0=-2137948224  a1=0  a2=0
unknown exception a0=-2137948224
trapframe at 0xffffffff80917ea0
  cause = 3  pc = ffffffff809100b8  ps = 10  gp = ffffffff80920000
  a0=-2137948224  a1=0  a2=0
unknown exception a0=-2137948224
trapframe at 0xffffffff80917ea0
  cause = 3  pc = ffffffff809100b8  ps = 10  gp = ffffffff80920000
  a0=-2137948224  a1=0  a2=0
unknown exception a0=-2137948224
trapframe at 0xffffffff80917ea0
  cause = 3  pc = ffffffff809100b8  ps = 10  gp = ffffffff80920000
  a0=-2137948224  a1=0  a2=0
unknown exception a0=-2137948224
trapframe at 0xffffffff80917ea0
  cause = 3  pc = ffffffff809100b8  ps = 10  gp = ffffffff80920000
  a0=-2137948224  a1=0  a2=0
unknown exception a0=-2137948224
trapframe at 0xffffffff80917ea0
  cause = 3  pc = ffffffff809100b8  ps = 10  gp = ffffffff80920000
  a0=-2137948224  a1=0  a2=0
unknown exception a0=-2137948224
trapframe at 0xffffffff80917ea0
  cause = 3  pc = ffffffff809100b8  ps = 10  gp = ffffffff80920000
  a0=-2137948224  a1=0  a2=0
unknown exception a0=-2137948224
trapframe at 0xffffffff80917ea0
  cause = 3  pc = ffffffff809100b8  ps = 10  gp = ffffffff80920000
  a0=-2137948224  a1=0  a2=0
unknown exception a0=-2137948224
trapframe at 0xffffffff80917ea0
  cause = 3  pc = ffffffff809100b8  ps = 10  gp = ffffffff80920000
  a0=-2137948224  a1=0  a2=0
unknown exception a0=-2137948224
trapframe at 0xffffffff80917ea0
  cause = 3  pc = ffffffff809100b8  ps = 10  gp = ffffffff80920000
  a0=-2137948224  a1=0  a2=0
unknown exception a0=-2137948224
trapframe at 0xffffffff80917ea0
  cause = 3  pc = ffffffff809100b8  ps = 10  gp = ffffffff80920000
  a0=-2137